2026-01-23 02:25:50,346 - model - ERROR - [error]Failed to load checkpoint: [Errno 2] No such file or directory: 'checkpoints/99_model.pt'[/error]
2026-01-23 02:38:41,798 - model - ERROR - [error]Failed to load checkpoint: [Errno 2] No such file or directory: 'checkpoints/99_model.pt'[/error]
2026-01-23 02:43:01,725 - model - ERROR - [error]Failed to load checkpoint: [Errno 2] No such file or directory: 'C:\\Users\\Pranav\\SignDETR\\src\\checkpoints\\99_model.pt'[/error]
2026-01-23 02:44:18,674 - model - ERROR - [error]Failed to load checkpoint: Error(s) in loading state_dict for DETR:
	size mismatch for linear_class.weight: copying a param with shape torch.Size([17, 256]) from checkpoint, the shape in current model is torch.Size([102, 256]).
	size mismatch for linear_class.bias: copying a param with shape torch.Size([17]) from checkpoint, the shape in current model is torch.Size([102]).[/error]
2026-01-23 02:46:34,237 - model - ERROR - [error]Failed to load checkpoint: Error(s) in loading state_dict for DETR:
	size mismatch for linear_class.weight: copying a param with shape torch.Size([17, 256]) from checkpoint, the shape in current model is torch.Size([18, 256]).
	size mismatch for linear_class.bias: copying a param with shape torch.Size([17]) from checkpoint, the shape in current model is torch.Size([18]).[/error]
2026-01-23 02:47:05,545 - model - ERROR - [error]Failed to load checkpoint: Error(s) in loading state_dict for DETR:
	size mismatch for linear_class.weight: copying a param with shape torch.Size([17, 256]) from checkpoint, the shape in current model is torch.Size([18, 256]).
	size mismatch for linear_class.bias: copying a param with shape torch.Size([17]) from checkpoint, the shape in current model is torch.Size([18]).[/error]
2026-01-23 04:55:01,393 - model - ERROR - [error]Failed to load checkpoint: Error(s) in loading state_dict for DETR:
	size mismatch for linear_class.weight: copying a param with shape torch.Size([17, 256]) from checkpoint, the shape in current model is torch.Size([102, 256]).
	size mismatch for linear_class.bias: copying a param with shape torch.Size([17]) from checkpoint, the shape in current model is torch.Size([102]).[/error]
2026-01-23 05:08:28,688 - model - ERROR - [error]Failed to load checkpoint: Error(s) in loading state_dict for DETR:
	size mismatch for linear_class.weight: copying a param with shape torch.Size([17, 256]) from checkpoint, the shape in current model is torch.Size([18, 256]).
	size mismatch for linear_class.bias: copying a param with shape torch.Size([17]) from checkpoint, the shape in current model is torch.Size([18]).[/error]
2026-01-23 05:08:43,638 - model - ERROR - [error]Failed to load checkpoint: Error(s) in loading state_dict for DETR:
	size mismatch for linear_class.weight: copying a param with shape torch.Size([17, 256]) from checkpoint, the shape in current model is torch.Size([18, 256]).
	size mismatch for linear_class.bias: copying a param with shape torch.Size([17]) from checkpoint, the shape in current model is torch.Size([18]).[/error]
2026-01-23 05:10:11,533 - model - ERROR - [error]Failed to load checkpoint: Error(s) in loading state_dict for DETR:
	size mismatch for linear_class.weight: copying a param with shape torch.Size([17, 256]) from checkpoint, the shape in current model is torch.Size([18, 256]).
	size mismatch for linear_class.bias: copying a param with shape torch.Size([17]) from checkpoint, the shape in current model is torch.Size([18]).[/error]
2026-01-23 05:10:39,181 - model - ERROR - [error]Failed to load checkpoint: Error(s) in loading state_dict for DETR:
	size mismatch for linear_class.weight: copying a param with shape torch.Size([17, 256]) from checkpoint, the shape in current model is torch.Size([18, 256]).
	size mismatch for linear_class.bias: copying a param with shape torch.Size([17]) from checkpoint, the shape in current model is torch.Size([18]).[/error]
2026-01-23 05:13:01,836 - model - ERROR - [error]Failed to load checkpoint: Error(s) in loading state_dict for DETR:
	size mismatch for linear_class.weight: copying a param with shape torch.Size([17, 256]) from checkpoint, the shape in current model is torch.Size([18, 256]).
	size mismatch for linear_class.bias: copying a param with shape torch.Size([17]) from checkpoint, the shape in current model is torch.Size([18]).[/error]
2026-01-23 05:14:04,790 - model - ERROR - [error]Failed to load checkpoint: Error(s) in loading state_dict for DETR:
	size mismatch for linear_class.weight: copying a param with shape torch.Size([17, 256]) from checkpoint, the shape in current model is torch.Size([18, 256]).
	size mismatch for linear_class.bias: copying a param with shape torch.Size([17]) from checkpoint, the shape in current model is torch.Size([18]).[/error]
